---
source: apps/oxlint/src/tester.rs
---
########## 
arguments: --type-check-only
working directory: fixtures/cli/tsgolint_type_check_only_svelte_syntax_error
----------
Type-aware Svelte linting is not supported yet; `.svelte` files are excluded from TypeScript type-aware checks and use rsvelte syntax diagnostics plus non-type-aware linting.

  x svelte(js_parse_error): js_parse_error: Unexpected token
   ,-[test.svelte:2:21]
 1 | <script lang="ts">
 2 | const foo: number = ;
   :                     ^
   :                     `-- Svelte compiler error
 3 | </script>
   `----

Found 0 warnings and 1 error.
Finished in <variable>ms on 1 file using 1 threads.
----------
CLI result: LintFoundErrors
----------
